[      11ms] [LOG] [Fast Refresh] done in 11ms @ http://localhost:3000/_next/static/chunks/node_modules_next_dist_1e8vcs8._.js:791
[     311ms] [INFO] %cDownload the React DevTools for a better development experience: https://react.dev/link/react-devtools font-weight:bold @ http://localhost:3000/_next/static/chunks/node_modules_next_dist_1e8vcs8._.js:791
[     342ms] [LOG] [HMR] connected @ http://localhost:3000/_next/static/chunks/node_modules_next_dist_1e8vcs8._.js:791
[     468ms] [LOG] Loading Tawk.to widget... @ http://localhost:3000/_next/static/chunks/node_modules_next_dist_1e8vcs8._.js:791
[     482ms] [LOG] Tawk.to already loaded @ http://localhost:3000/_next/static/chunks/node_modules_next_dist_1e8vcs8._.js:791
[     492ms] [LOG] Tawk.to script loaded successfully @ http://localhost:3000/_next/static/chunks/node_modules_next_dist_1e8vcs8._.js:791
[    2560ms] [LOG] Tawk.to widget fully loaded and ready @ http://localhost:3000/_next/static/chunks/node_modules_next_dist_1e8vcs8._.js:791
[    2561ms] [LOG] Tawk.to auto-popup already shown before, skipping @ http://localhost:3000/_next/static/chunks/node_modules_next_dist_1e8vcs8._.js:791
[  337798ms] [ERROR] WebSocket connection to 'ws://localhost:3000/_next/hmr?id=LzpxlEvSenGhHdxbjF2js' failed: Error in connection establishment: net::ERR_CONNECTION_REFUSED @ http://localhost:3000/_next/static/chunks/node_modules_next_dist_client_0_90u2t._.js:18922
[  341162ms] [ERROR] WebSocket connection to 'ws://localhost:3000/_next/hmr?id=LzpxlEvSenGhHdxbjF2js' failed: Error in connection establishment: net::ERR_CONNECTION_REFUSED @ http://localhost:3000/_next/static/chunks/node_modules_next_dist_client_0_90u2t._.js:18922
[  344507ms] [ERROR] WebSocket connection to 'ws://localhost:3000/_next/hmr?id=LzpxlEvSenGhHdxbjF2js' failed: Error in connection establishment: net::ERR_CONNECTION_REFUSED @ http://localhost:3000/_next/static/chunks/node_modules_next_dist_client_0_90u2t._.js:18922
[  347863ms] [ERROR] WebSocket connection to 'ws://localhost:3000/_next/hmr?id=LzpxlEvSenGhHdxbjF2js' failed: Error in connection establishment: net::ERR_CONNECTION_REFUSED @ http://localhost:3000/_next/static/chunks/node_modules_next_dist_client_0_90u2t._.js:18922
[  351212ms] [ERROR] WebSocket connection to 'ws://localhost:3000/_next/hmr?id=LzpxlEvSenGhHdxbjF2js' failed: Error in connection establishment: net::ERR_CONNECTION_REFUSED @ http://localhost:3000/_next/static/chunks/node_modules_next_dist_client_0_90u2t._.js:18922
[  358575ms] [ERROR] WebSocket connection to 'ws://localhost:3000/_next/hmr?id=LzpxlEvSenGhHdxbjF2js' failed: Error in connection establishment: net::ERR_CONNECTION_REFUSED @ http://localhost:3000/_next/static/chunks/node_modules_next_dist_client_0_90u2t._.js:18922
[  365934ms] [ERROR] WebSocket connection to 'ws://localhost:3000/_next/hmr?id=LzpxlEvSenGhHdxbjF2js' failed: Error in connection establishment: net::ERR_CONNECTION_REFUSED @ http://localhost:3000/_next/static/chunks/node_modules_next_dist_client_0_90u2t._.js:18922
[  373319ms] [ERROR] WebSocket connection to 'ws://localhost:3000/_next/hmr?id=LzpxlEvSenGhHdxbjF2js' failed: Error in connection establishment: net::ERR_CONNECTION_REFUSED @ http://localhost:3000/_next/static/chunks/node_modules_next_dist_client_0_90u2t._.js:18922
[  380702ms] [ERROR] WebSocket connection to 'ws://localhost:3000/_next/hmr?id=LzpxlEvSenGhHdxbjF2js' failed: Error in connection establishment: net::ERR_CONNECTION_REFUSED @ http://localhost:3000/_next/static/chunks/node_modules_next_dist_client_0_90u2t._.js:18922
[  388055ms] [ERROR] WebSocket connection to 'ws://localhost:3000/_next/hmr?id=LzpxlEvSenGhHdxbjF2js' failed: Error in connection establishment: net::ERR_CONNECTION_REFUSED @ http://localhost:3000/_next/static/chunks/node_modules_next_dist_client_0_90u2t._.js:18922
[  395435ms] [ERROR] WebSocket connection to 'ws://localhost:3000/_next/hmr?id=LzpxlEvSenGhHdxbjF2js' failed: Error in connection establishment: net::ERR_CONNECTION_REFUSED @ http://localhost:3000/_next/static/chunks/node_modules_next_dist_client_0_90u2t._.js:18922
[  402837ms] [ERROR] WebSocket connection to 'ws://localhost:3000/_next/hmr?id=LzpxlEvSenGhHdxbjF2js' failed: Error in connection establishment: net::ERR_CONNECTION_REFUSED @ http://localhost:3000/_next/static/chunks/node_modules_next_dist_client_0_90u2t._.js:18922
